// Jest Snapshot v1, https://goo.gl/fbAQLP

exports[`对Bind组件进行的单元测试 create expected html structure 1`] = `
<section
  class="login"
>
  <h1>
    登录
  </h1>
   
  <section
    class="el-input"
  >
    <p
      class="tip"
    >
      手机号
      <span>
        (*新用户初次登录将自动注册)
      </span>
    </p>
     
    <div
      class="phone"
      style="margin-bottom: 20px;"
    >
      <van-field-stub
        border="true"
        clearable="true"
        placeholder="请输入手机号"
        type="text"
        value=""
      />
       
      <p
        class="error-info"
      />
    </div>
     
    <p
      class="tip"
    >
      验证码
    </p>
     
    <section>
      <section
        class="code-box"
      >
        <div
          class="code"
        >
          <van-field-stub
            border="true"
            clearable="true"
            placeholder="验证码"
            type="text"
            value=""
          />
           
          <p
            class="error-info"
          />
        </div>
         
        <div>
          <van-button-stub
            class="btn"
            loadingsize="20px"
            size="normal"
            slot="button"
            tag="button"
            type="default"
          >
            获取验证码
          </van-button-stub>
        </div>
      </section>
    </section>
     
    <van-button-stub
      class="login-btn"
      loadingsize="20px"
      size="large"
      slot="button"
      tag="button"
      type="default"
    >
      登录
    </van-button-stub>
  </section>
</section>
`;
